2026-07-31 00:02:01.151 [SpringApplicationShutdownHook] ERROR c.e.b.websocket.ChatWebSocketServer - WebSocket 错误: userId=74, error=java.nio.channels.ClosedChannelException
java.io.IOException: java.nio.channels.ClosedChannelException
	at org.apache.tomcat.websocket.WsRemoteEndpointImplBase.sendMessageBlock(WsRemoteEndpointImplBase.java:321)
	at org.apache.tomcat.websocket.WsRemoteEndpointImplBase.sendMessageBlock(WsRemoteEndpointImplBase.java:257)
	at org.apache.tomcat.websocket.WsSession.sendCloseMessage(WsSession.java:718)
	at org.apache.tomcat.websocket.WsSession.doClose(WsSession.java:587)
	at org.apache.tomcat.websocket.WsSession.doClose(WsSession.java:554)
	at org.apache.tomcat.websocket.WsSession.close(WsSession.java:542)
	at org.apache.tomcat.websocket.WsWebSocketContainer.destroy(WsWebSocketContainer.java:1019)
	at org.apache.tomcat.websocket.server.WsContextListener.contextDestroyed(WsContextListener.java:46)
	at org.apache.catalina.core.StandardContext.listenerStop(StandardContext.java:4482)
	at org.apache.catalina.core.StandardContext.stopInternal(StandardContext.java:5109)
	at org.apache.catalina.util.LifecycleBase.stop(LifecycleBase.java:242)
	at org.apache.catalina.core.ContainerBase$StopChild.call(ContainerBase.java:1348)
	at org.apache.catalina.core.ContainerBase$StopChild.call(ContainerBase.java:1337)
	at java.base/java.util.concurrent.FutureTask.run(FutureTask.java:264)
	at org.apache.tomcat.util.threads.InlineExecutorService.execute(InlineExecutorService.java:75)
	at java.base/java.util.concurrent.AbstractExecutorService.submit(AbstractExecutorService.java:145)
	at org.apache.catalina.core.ContainerBase.stopInternal(ContainerBase.java:931)
	at org.apache.catalina.util.LifecycleBase.stop(LifecycleBase.java:242)
	at org.apache.catalina.core.ContainerBase$StopChild.call(ContainerBase.java:1348)
	at org.apache.catalina.core.ContainerBase$StopChild.call(ContainerBase.java:1337)
	at java.base/java.util.concurrent.FutureTask.run(FutureTask.java:264)
	at org.apache.tomcat.util.threads.InlineExecutorService.execute(InlineExecutorService.java:75)
	at java.base/java.util.concurrent.AbstractExecutorService.submit(AbstractExecutorService.java:145)
	at org.apache.catalina.core.ContainerBase.stopInternal(ContainerBase.java:931)
	at org.apache.catalina.util.LifecycleBase.stop(LifecycleBase.java:242)
	at org.apache.catalina.core.StandardService.stopInternal(StandardService.java:496)
	at org.apache.catalina.util.LifecycleBase.stop(LifecycleBase.java:242)
	at org.apache.catalina.core.StandardServer.stopInternal(StandardServer.java:969)
	at org.apache.catalina.util.LifecycleBase.stop(LifecycleBase.java:242)
	at org.apache.catalina.startup.Tomcat.stop(Tomcat.java:498)
	at org.springframework.boot.web.embedded.tomcat.TomcatWebServer.stopTomcat(TomcatWebServer.java:297)
	at org.springframework.boot.web.embedded.tomcat.TomcatWebServer.destroy(TomcatWebServer.java:370)
	at org.springframework.boot.web.servlet.context.ServletWebServerApplicationContext.doClose(ServletWebServerApplicationContext.java:177)
	at org.springframework.context.support.AbstractApplicationContext.close(AbstractApplicationContext.java:1090)
	at org.springframework.boot.SpringApplicationShutdownHook.closeAndWait(SpringApplicationShutdownHook.java:145)
	at java.base/java.lang.Iterable.forEach(Iterable.java:75)
	at org.springframework.boot.SpringApplicationShutdownHook.run(SpringApplicationShutdownHook.java:114)
	at java.base/java.lang.Thread.run(Thread.java:833)
Caused by: java.nio.channels.ClosedChannelException: null
	at org.apache.tomcat.util.net.NioChannel$1.write(NioChannel.java:269)
	at org.apache.tomcat.util.net.NioEndpoint$NioSocketWrapper$NioOperationState.run(NioEndpoint.java:1635)
	at org.apache.tomcat.util.net.SocketWrapperBase$OperationState.start(SocketWrapperBase.java:1051)
	at org.apache.tomcat.util.net.SocketWrapperBase.vectoredOperation(SocketWrapperBase.java:1440)
	at org.apache.tomcat.util.net.SocketWrapperBase.write(SocketWrapperBase.java:1366)
	at org.apache.tomcat.util.net.SocketWrapperBase.write(SocketWrapperBase.java:1337)
	at org.apache.tomcat.websocket.server.WsRemoteEndpointImplServer.doWrite(WsRemoteEndpointImplServer.java:165)
	at org.apache.tomcat.websocket.WsRemoteEndpointImplBase.writeMessagePart(WsRemoteEndpointImplBase.java:516)
	at org.apache.tomcat.websocket.WsRemoteEndpointImplBase.sendMessageBlock(WsRemoteEndpointImplBase.java:308)
	... 37 common frames omitted
2026-07-31 00:02:01.155 [SpringApplicationShutdownHook] ERROR c.e.b.websocket.ChatWebSocketServer - WebSocket 错误: userId=74, error=null
java.lang.reflect.InvocationTargetException: null
	at java.base/jdk.internal.reflect.NativeMethodAccessorImpl.invoke0(Native Method)
	at java.base/jdk.internal.reflect.NativeMethodAccessorImpl.invoke(NativeMethodAccessorImpl.java:77)
	at java.base/jdk.internal.reflect.DelegatingMethodAccessorImpl.invoke(DelegatingMethodAccessorImpl.java:43)
	at java.base/java.lang.reflect.Method.invoke(Method.java:568)
	at org.apache.tomcat.websocket.pojo.PojoEndpointBase.onClose(PojoEndpointBase.java:101)
	at org.apache.tomcat.websocket.WsSession.fireEndpointOnClose(WsSession.java:662)
	at org.apache.tomcat.websocket.WsSession.doClose(WsSession.java:588)
	at org.apache.tomcat.websocket.WsSession.doClose(WsSession.java:554)
	at org.apache.tomcat.websocket.WsSession.close(WsSession.java:542)
	at org.apache.tomcat.websocket.WsWebSocketContainer.destroy(WsWebSocketContainer.java:1019)
	at org.apache.tomcat.websocket.server.WsContextListener.contextDestroyed(WsContextListener.java:46)
	at org.apache.catalina.core.StandardContext.listenerStop(StandardContext.java:4482)
	at org.apache.catalina.core.StandardContext.stopInternal(StandardContext.java:5109)
	at org.apache.catalina.util.LifecycleBase.stop(LifecycleBase.java:242)
	at org.apache.catalina.core.ContainerBase$StopChild.call(ContainerBase.java:1348)
	at org.apache.catalina.core.ContainerBase$StopChild.call(ContainerBase.java:1337)
	at java.base/java.util.concurrent.FutureTask.run(FutureTask.java:264)
	at org.apache.tomcat.util.threads.InlineExecutorService.execute(InlineExecutorService.java:75)
	at java.base/java.util.concurrent.AbstractExecutorService.submit(AbstractExecutorService.java:145)
	at org.apache.catalina.core.ContainerBase.stopInternal(ContainerBase.java:931)
	at org.apache.catalina.util.LifecycleBase.stop(LifecycleBase.java:242)
	at org.apache.catalina.core.ContainerBase$StopChild.call(ContainerBase.java:1348)
	at org.apache.catalina.core.ContainerBase$StopChild.call(ContainerBase.java:1337)
	at java.base/java.util.concurrent.FutureTask.run(FutureTask.java:264)
	at org.apache.tomcat.util.threads.InlineExecutorService.execute(InlineExecutorService.java:75)
	at java.base/java.util.concurrent.AbstractExecutorService.submit(AbstractExecutorService.java:145)
	at org.apache.catalina.core.ContainerBase.stopInternal(ContainerBase.java:931)
	at org.apache.catalina.util.LifecycleBase.stop(LifecycleBase.java:242)
	at org.apache.catalina.core.StandardService.stopInternal(StandardService.java:496)
	at org.apache.catalina.util.LifecycleBase.stop(LifecycleBase.java:242)
	at org.apache.catalina.core.StandardServer.stopInternal(StandardServer.java:969)
	at org.apache.catalina.util.LifecycleBase.stop(LifecycleBase.java:242)
	at org.apache.catalina.startup.Tomcat.stop(Tomcat.java:498)
	at org.springframework.boot.web.embedded.tomcat.TomcatWebServer.stopTomcat(TomcatWebServer.java:297)
	at org.springframework.boot.web.embedded.tomcat.TomcatWebServer.destroy(TomcatWebServer.java:370)
	at org.springframework.boot.web.servlet.context.ServletWebServerApplicationContext.doClose(ServletWebServerApplicationContext.java:177)
	at org.springframework.context.support.AbstractApplicationContext.close(AbstractApplicationContext.java:1090)
	at org.springframework.boot.SpringApplicationShutdownHook.closeAndWait(SpringApplicationShutdownHook.java:145)
	at java.base/java.lang.Iterable.forEach(Iterable.java:75)
	at org.springframework.boot.SpringApplicationShutdownHook.run(SpringApplicationShutdownHook.java:114)
	at java.base/java.lang.Thread.run(Thread.java:833)
Caused by: java.lang.IllegalStateException: LettuceConnectionFactory was destroyed and cannot be used anymore
	at org.springframework.data.redis.connection.lettuce.LettuceConnectionFactory.assertStarted(LettuceConnectionFactory.java:1402)
	at org.springframework.data.redis.connection.lettuce.LettuceConnectionFactory.getConnection(LettuceConnectionFactory.java:999)
	at org.springframework.data.redis.core.RedisConnectionUtils.fetchConnection(RedisConnectionUtils.java:194)
	at org.springframework.data.redis.core.RedisConnectionUtils.doGetConnection(RedisConnectionUtils.java:143)
	at org.springframework.data.redis.core.RedisConnectionUtils.getConnection(RedisConnectionUtils.java:104)
	at org.springframework.data.redis.core.RedisTemplate.execute(RedisTemplate.java:393)
	at org.springframework.data.redis.core.RedisTemplate.execute(RedisTemplate.java:373)
	at org.springframework.data.redis.core.RedisTemplate.doWithKeys(RedisTemplate.java:785)
	at org.springframework.data.redis.core.RedisTemplate.delete(RedisTemplate.java:588)
	at com.example.bigevent.websocket.ChatWebSocketServer.onClose(ChatWebSocketServer.java:155)
	... 41 common frames omitted
2026-07-31 00:02:15.618 [main] ERROR o.s.b.d.LoggingFailureAnalysisReporter - 

***************************
APPLICATION FAILED TO START
***************************

Description:

Field articleTools in com.example.bigevent.config.AiConfig required a bean of type 'com.example.bigevent.service.ArticleTools' that could not be found.

The injection point has the following annotations:
	- @org.springframework.beans.factory.annotation.Autowired(required=true)


Action:

Consider defining a bean of type 'com.example.bigevent.service.ArticleTools' in your configuration.

2026-07-31 00:12:34.896 [main] ERROR o.s.b.d.LoggingFailureAnalysisReporter - 

***************************
APPLICATION FAILED TO START
***************************

Description:

Field articleTools in com.example.bigevent.config.AiConfig required a bean of type 'com.example.bigevent.service.ArticleTools' that could not be found.

The injection point has the following annotations:
	- @org.springframework.beans.factory.annotation.Autowired(required=true)


Action:

Consider defining a bean of type 'com.example.bigevent.service.ArticleTools' in your configuration.

2026-07-31 01:01:39.408 [SpringApplicationShutdownHook] ERROR c.e.b.websocket.ChatWebSocketServer - WebSocket 错误: userId=74, error=java.nio.channels.ClosedChannelException
java.io.IOException: java.nio.channels.ClosedChannelException
	at org.apache.tomcat.websocket.WsRemoteEndpointImplBase.sendMessageBlock(WsRemoteEndpointImplBase.java:321)
	at org.apache.tomcat.websocket.WsRemoteEndpointImplBase.sendMessageBlock(WsRemoteEndpointImplBase.java:257)
	at org.apache.tomcat.websocket.WsSession.sendCloseMessage(WsSession.java:718)
	at org.apache.tomcat.websocket.WsSession.doClose(WsSession.java:587)
	at org.apache.tomcat.websocket.WsSession.doClose(WsSession.java:554)
	at org.apache.tomcat.websocket.WsSession.close(WsSession.java:542)
	at org.apache.tomcat.websocket.WsWebSocketContainer.destroy(WsWebSocketContainer.java:1019)
	at org.apache.tomcat.websocket.server.WsContextListener.contextDestroyed(WsContextListener.java:46)
	at org.apache.catalina.core.StandardContext.listenerStop(StandardContext.java:4482)
	at org.apache.catalina.core.StandardContext.stopInternal(StandardContext.java:5109)
	at org.apache.catalina.util.LifecycleBase.stop(LifecycleBase.java:242)
	at org.apache.catalina.core.ContainerBase$StopChild.call(ContainerBase.java:1348)
	at org.apache.catalina.core.ContainerBase$StopChild.call(ContainerBase.java:1337)
	at java.base/java.util.concurrent.FutureTask.run(FutureTask.java:264)
	at org.apache.tomcat.util.threads.InlineExecutorService.execute(InlineExecutorService.java:75)
	at java.base/java.util.concurrent.AbstractExecutorService.submit(AbstractExecutorService.java:145)
	at org.apache.catalina.core.ContainerBase.stopInternal(ContainerBase.java:931)
	at org.apache.catalina.util.LifecycleBase.stop(LifecycleBase.java:242)
	at org.apache.catalina.core.ContainerBase$StopChild.call(ContainerBase.java:1348)
	at org.apache.catalina.core.ContainerBase$StopChild.call(ContainerBase.java:1337)
	at java.base/java.util.concurrent.FutureTask.run(FutureTask.java:264)
	at org.apache.tomcat.util.threads.InlineExecutorService.execute(InlineExecutorService.java:75)
	at java.base/java.util.concurrent.AbstractExecutorService.submit(AbstractExecutorService.java:145)
	at org.apache.catalina.core.ContainerBase.stopInternal(ContainerBase.java:931)
	at org.apache.catalina.util.LifecycleBase.stop(LifecycleBase.java:242)
	at org.apache.catalina.core.StandardService.stopInternal(StandardService.java:496)
	at org.apache.catalina.util.LifecycleBase.stop(LifecycleBase.java:242)
	at org.apache.catalina.core.StandardServer.stopInternal(StandardServer.java:969)
	at org.apache.catalina.util.LifecycleBase.stop(LifecycleBase.java:242)
	at org.apache.catalina.startup.Tomcat.stop(Tomcat.java:498)
	at org.springframework.boot.web.embedded.tomcat.TomcatWebServer.stopTomcat(TomcatWebServer.java:297)
	at org.springframework.boot.web.embedded.tomcat.TomcatWebServer.destroy(TomcatWebServer.java:370)
	at org.springframework.boot.web.servlet.context.ServletWebServerApplicationContext.doClose(ServletWebServerApplicationContext.java:177)
	at org.springframework.context.support.AbstractApplicationContext.close(AbstractApplicationContext.java:1090)
	at org.springframework.boot.SpringApplicationShutdownHook.closeAndWait(SpringApplicationShutdownHook.java:145)
	at java.base/java.lang.Iterable.forEach(Iterable.java:75)
	at org.springframework.boot.SpringApplicationShutdownHook.run(SpringApplicationShutdownHook.java:114)
	at java.base/java.lang.Thread.run(Thread.java:833)
Caused by: java.nio.channels.ClosedChannelException: null
	at org.apache.tomcat.util.net.NioChannel$1.write(NioChannel.java:269)
	at org.apache.tomcat.util.net.NioEndpoint$NioSocketWrapper$NioOperationState.run(NioEndpoint.java:1635)
	at org.apache.tomcat.util.net.SocketWrapperBase$OperationState.start(SocketWrapperBase.java:1051)
	at org.apache.tomcat.util.net.SocketWrapperBase.vectoredOperation(SocketWrapperBase.java:1440)
	at org.apache.tomcat.util.net.SocketWrapperBase.write(SocketWrapperBase.java:1366)
	at org.apache.tomcat.util.net.SocketWrapperBase.write(SocketWrapperBase.java:1337)
	at org.apache.tomcat.websocket.server.WsRemoteEndpointImplServer.doWrite(WsRemoteEndpointImplServer.java:165)
	at org.apache.tomcat.websocket.WsRemoteEndpointImplBase.writeMessagePart(WsRemoteEndpointImplBase.java:516)
	at org.apache.tomcat.websocket.WsRemoteEndpointImplBase.sendMessageBlock(WsRemoteEndpointImplBase.java:308)
	... 37 common frames omitted
2026-07-31 01:01:39.412 [SpringApplicationShutdownHook] ERROR c.e.b.websocket.ChatWebSocketServer - WebSocket 错误: userId=74, error=null
java.lang.reflect.InvocationTargetException: null
	at java.base/jdk.internal.reflect.NativeMethodAccessorImpl.invoke0(Native Method)
	at java.base/jdk.internal.reflect.NativeMethodAccessorImpl.invoke(NativeMethodAccessorImpl.java:77)
	at java.base/jdk.internal.reflect.DelegatingMethodAccessorImpl.invoke(DelegatingMethodAccessorImpl.java:43)
	at java.base/java.lang.reflect.Method.invoke(Method.java:568)
	at org.apache.tomcat.websocket.pojo.PojoEndpointBase.onClose(PojoEndpointBase.java:101)
	at org.apache.tomcat.websocket.WsSession.fireEndpointOnClose(WsSession.java:662)
	at org.apache.tomcat.websocket.WsSession.doClose(WsSession.java:588)
	at org.apache.tomcat.websocket.WsSession.doClose(WsSession.java:554)
	at org.apache.tomcat.websocket.WsSession.close(WsSession.java:542)
	at org.apache.tomcat.websocket.WsWebSocketContainer.destroy(WsWebSocketContainer.java:1019)
	at org.apache.tomcat.websocket.server.WsContextListener.contextDestroyed(WsContextListener.java:46)
	at org.apache.catalina.core.StandardContext.listenerStop(StandardContext.java:4482)
	at org.apache.catalina.core.StandardContext.stopInternal(StandardContext.java:5109)
	at org.apache.catalina.util.LifecycleBase.stop(LifecycleBase.java:242)
	at org.apache.catalina.core.ContainerBase$StopChild.call(ContainerBase.java:1348)
	at org.apache.catalina.core.ContainerBase$StopChild.call(ContainerBase.java:1337)
	at java.base/java.util.concurrent.FutureTask.run(FutureTask.java:264)
	at org.apache.tomcat.util.threads.InlineExecutorService.execute(InlineExecutorService.java:75)
	at java.base/java.util.concurrent.AbstractExecutorService.submit(AbstractExecutorService.java:145)
	at org.apache.catalina.core.ContainerBase.stopInternal(ContainerBase.java:931)
	at org.apache.catalina.util.LifecycleBase.stop(LifecycleBase.java:242)
	at org.apache.catalina.core.ContainerBase$StopChild.call(ContainerBase.java:1348)
	at org.apache.catalina.core.ContainerBase$StopChild.call(ContainerBase.java:1337)
	at java.base/java.util.concurrent.FutureTask.run(FutureTask.java:264)
	at org.apache.tomcat.util.threads.InlineExecutorService.execute(InlineExecutorService.java:75)
	at java.base/java.util.concurrent.AbstractExecutorService.submit(AbstractExecutorService.java:145)
	at org.apache.catalina.core.ContainerBase.stopInternal(ContainerBase.java:931)
	at org.apache.catalina.util.LifecycleBase.stop(LifecycleBase.java:242)
	at org.apache.catalina.core.StandardService.stopInternal(StandardService.java:496)
	at org.apache.catalina.util.LifecycleBase.stop(LifecycleBase.java:242)
	at org.apache.catalina.core.StandardServer.stopInternal(StandardServer.java:969)
	at org.apache.catalina.util.LifecycleBase.stop(LifecycleBase.java:242)
	at org.apache.catalina.startup.Tomcat.stop(Tomcat.java:498)
	at org.springframework.boot.web.embedded.tomcat.TomcatWebServer.stopTomcat(TomcatWebServer.java:297)
	at org.springframework.boot.web.embedded.tomcat.TomcatWebServer.destroy(TomcatWebServer.java:370)
	at org.springframework.boot.web.servlet.context.ServletWebServerApplicationContext.doClose(ServletWebServerApplicationContext.java:177)
	at org.springframework.context.support.AbstractApplicationContext.close(AbstractApplicationContext.java:1090)
	at org.springframework.boot.SpringApplicationShutdownHook.closeAndWait(SpringApplicationShutdownHook.java:145)
	at java.base/java.lang.Iterable.forEach(Iterable.java:75)
	at org.springframework.boot.SpringApplicationShutdownHook.run(SpringApplicationShutdownHook.java:114)
	at java.base/java.lang.Thread.run(Thread.java:833)
Caused by: java.lang.IllegalStateException: LettuceConnectionFactory was destroyed and cannot be used anymore
	at org.springframework.data.redis.connection.lettuce.LettuceConnectionFactory.assertStarted(LettuceConnectionFactory.java:1402)
	at org.springframework.data.redis.connection.lettuce.LettuceConnectionFactory.getConnection(LettuceConnectionFactory.java:999)
	at org.springframework.data.redis.core.RedisConnectionUtils.fetchConnection(RedisConnectionUtils.java:194)
	at org.springframework.data.redis.core.RedisConnectionUtils.doGetConnection(RedisConnectionUtils.java:143)
	at org.springframework.data.redis.core.RedisConnectionUtils.getConnection(RedisConnectionUtils.java:104)
	at org.springframework.data.redis.core.RedisTemplate.execute(RedisTemplate.java:393)
	at org.springframework.data.redis.core.RedisTemplate.execute(RedisTemplate.java:373)
	at org.springframework.data.redis.core.RedisTemplate.doWithKeys(RedisTemplate.java:785)
	at org.springframework.data.redis.core.RedisTemplate.delete(RedisTemplate.java:588)
	at com.example.bigevent.websocket.ChatWebSocketServer.onClose(ChatWebSocketServer.java:155)
	... 41 common frames omitted
2026-07-31 01:19:21.232 [SpringApplicationShutdownHook] ERROR c.e.b.websocket.ChatWebSocketServer - WebSocket 错误: userId=74, error=java.nio.channels.ClosedChannelException
java.io.IOException: java.nio.channels.ClosedChannelException
	at org.apache.tomcat.websocket.WsRemoteEndpointImplBase.sendMessageBlock(WsRemoteEndpointImplBase.java:321)
	at org.apache.tomcat.websocket.WsRemoteEndpointImplBase.sendMessageBlock(WsRemoteEndpointImplBase.java:257)
	at org.apache.tomcat.websocket.WsSession.sendCloseMessage(WsSession.java:718)
	at org.apache.tomcat.websocket.WsSession.doClose(WsSession.java:587)
	at org.apache.tomcat.websocket.WsSession.doClose(WsSession.java:554)
	at org.apache.tomcat.websocket.WsSession.close(WsSession.java:542)
	at org.apache.tomcat.websocket.WsWebSocketContainer.destroy(WsWebSocketContainer.java:1019)
	at org.apache.tomcat.websocket.server.WsContextListener.contextDestroyed(WsContextListener.java:46)
	at org.apache.catalina.core.StandardContext.listenerStop(StandardContext.java:4482)
	at org.apache.catalina.core.StandardContext.stopInternal(StandardContext.java:5109)
	at org.apache.catalina.util.LifecycleBase.stop(LifecycleBase.java:242)
	at org.apache.catalina.core.ContainerBase$StopChild.call(ContainerBase.java:1348)
	at org.apache.catalina.core.ContainerBase$StopChild.call(ContainerBase.java:1337)
	at java.base/java.util.concurrent.FutureTask.run(FutureTask.java:264)
	at org.apache.tomcat.util.threads.InlineExecutorService.execute(InlineExecutorService.java:75)
	at java.base/java.util.concurrent.AbstractExecutorService.submit(AbstractExecutorService.java:145)
	at org.apache.catalina.core.ContainerBase.stopInternal(ContainerBase.java:931)
	at org.apache.catalina.util.LifecycleBase.stop(LifecycleBase.java:242)
	at org.apache.catalina.core.ContainerBase$StopChild.call(ContainerBase.java:1348)
	at org.apache.catalina.core.ContainerBase$StopChild.call(ContainerBase.java:1337)
	at java.base/java.util.concurrent.FutureTask.run(FutureTask.java:264)
	at org.apache.tomcat.util.threads.InlineExecutorService.execute(InlineExecutorService.java:75)
	at java.base/java.util.concurrent.AbstractExecutorService.submit(AbstractExecutorService.java:145)
	at org.apache.catalina.core.ContainerBase.stopInternal(ContainerBase.java:931)
	at org.apache.catalina.util.LifecycleBase.stop(LifecycleBase.java:242)
	at org.apache.catalina.core.StandardService.stopInternal(StandardService.java:496)
	at org.apache.catalina.util.LifecycleBase.stop(LifecycleBase.java:242)
	at org.apache.catalina.core.StandardServer.stopInternal(StandardServer.java:969)
	at org.apache.catalina.util.LifecycleBase.stop(LifecycleBase.java:242)
	at org.apache.catalina.startup.Tomcat.stop(Tomcat.java:498)
	at org.springframework.boot.web.embedded.tomcat.TomcatWebServer.stopTomcat(TomcatWebServer.java:297)
	at org.springframework.boot.web.embedded.tomcat.TomcatWebServer.destroy(TomcatWebServer.java:370)
	at org.springframework.boot.web.servlet.context.ServletWebServerApplicationContext.doClose(ServletWebServerApplicationContext.java:177)
	at org.springframework.context.support.AbstractApplicationContext.close(AbstractApplicationContext.java:1090)
	at org.springframework.boot.SpringApplicationShutdownHook.closeAndWait(SpringApplicationShutdownHook.java:145)
	at java.base/java.lang.Iterable.forEach(Iterable.java:75)
	at org.springframework.boot.SpringApplicationShutdownHook.run(SpringApplicationShutdownHook.java:114)
	at java.base/java.lang.Thread.run(Thread.java:833)
Caused by: java.nio.channels.ClosedChannelException: null
	at org.apache.tomcat.util.net.NioChannel$1.write(NioChannel.java:269)
	at org.apache.tomcat.util.net.NioEndpoint$NioSocketWrapper$NioOperationState.run(NioEndpoint.java:1635)
	at org.apache.tomcat.util.net.SocketWrapperBase$OperationState.start(SocketWrapperBase.java:1051)
	at org.apache.tomcat.util.net.SocketWrapperBase.vectoredOperation(SocketWrapperBase.java:1440)
	at org.apache.tomcat.util.net.SocketWrapperBase.write(SocketWrapperBase.java:1366)
	at org.apache.tomcat.util.net.SocketWrapperBase.write(SocketWrapperBase.java:1337)
	at org.apache.tomcat.websocket.server.WsRemoteEndpointImplServer.doWrite(WsRemoteEndpointImplServer.java:165)
	at org.apache.tomcat.websocket.WsRemoteEndpointImplBase.writeMessagePart(WsRemoteEndpointImplBase.java:516)
	at org.apache.tomcat.websocket.WsRemoteEndpointImplBase.sendMessageBlock(WsRemoteEndpointImplBase.java:308)
	... 37 common frames omitted
2026-07-31 01:19:21.235 [SpringApplicationShutdownHook] ERROR c.e.b.websocket.ChatWebSocketServer - WebSocket 错误: userId=74, error=null
java.lang.reflect.InvocationTargetException: null
	at java.base/jdk.internal.reflect.NativeMethodAccessorImpl.invoke0(Native Method)
	at java.base/jdk.internal.reflect.NativeMethodAccessorImpl.invoke(NativeMethodAccessorImpl.java:77)
	at java.base/jdk.internal.reflect.DelegatingMethodAccessorImpl.invoke(DelegatingMethodAccessorImpl.java:43)
	at java.base/java.lang.reflect.Method.invoke(Method.java:568)
	at org.apache.tomcat.websocket.pojo.PojoEndpointBase.onClose(PojoEndpointBase.java:101)
	at org.apache.tomcat.websocket.WsSession.fireEndpointOnClose(WsSession.java:662)
	at org.apache.tomcat.websocket.WsSession.doClose(WsSession.java:588)
	at org.apache.tomcat.websocket.WsSession.doClose(WsSession.java:554)
	at org.apache.tomcat.websocket.WsSession.close(WsSession.java:542)
	at org.apache.tomcat.websocket.WsWebSocketContainer.destroy(WsWebSocketContainer.java:1019)
	at org.apache.tomcat.websocket.server.WsContextListener.contextDestroyed(WsContextListener.java:46)
	at org.apache.catalina.core.StandardContext.listenerStop(StandardContext.java:4482)
	at org.apache.catalina.core.StandardContext.stopInternal(StandardContext.java:5109)
	at org.apache.catalina.util.LifecycleBase.stop(LifecycleBase.java:242)
	at org.apache.catalina.core.ContainerBase$StopChild.call(ContainerBase.java:1348)
	at org.apache.catalina.core.ContainerBase$StopChild.call(ContainerBase.java:1337)
	at java.base/java.util.concurrent.FutureTask.run(FutureTask.java:264)
	at org.apache.tomcat.util.threads.InlineExecutorService.execute(InlineExecutorService.java:75)
	at java.base/java.util.concurrent.AbstractExecutorService.submit(AbstractExecutorService.java:145)
	at org.apache.catalina.core.ContainerBase.stopInternal(ContainerBase.java:931)
	at org.apache.catalina.util.LifecycleBase.stop(LifecycleBase.java:242)
	at org.apache.catalina.core.ContainerBase$StopChild.call(ContainerBase.java:1348)
	at org.apache.catalina.core.ContainerBase$StopChild.call(ContainerBase.java:1337)
	at java.base/java.util.concurrent.FutureTask.run(FutureTask.java:264)
	at org.apache.tomcat.util.threads.InlineExecutorService.execute(InlineExecutorService.java:75)
	at java.base/java.util.concurrent.AbstractExecutorService.submit(AbstractExecutorService.java:145)
	at org.apache.catalina.core.ContainerBase.stopInternal(ContainerBase.java:931)
	at org.apache.catalina.util.LifecycleBase.stop(LifecycleBase.java:242)
	at org.apache.catalina.core.StandardService.stopInternal(StandardService.java:496)
	at org.apache.catalina.util.LifecycleBase.stop(LifecycleBase.java:242)
	at org.apache.catalina.core.StandardServer.stopInternal(StandardServer.java:969)
	at org.apache.catalina.util.LifecycleBase.stop(LifecycleBase.java:242)
	at org.apache.catalina.startup.Tomcat.stop(Tomcat.java:498)
	at org.springframework.boot.web.embedded.tomcat.TomcatWebServer.stopTomcat(TomcatWebServer.java:297)
	at org.springframework.boot.web.embedded.tomcat.TomcatWebServer.destroy(TomcatWebServer.java:370)
	at org.springframework.boot.web.servlet.context.ServletWebServerApplicationContext.doClose(ServletWebServerApplicationContext.java:177)
	at org.springframework.context.support.AbstractApplicationContext.close(AbstractApplicationContext.java:1090)
	at org.springframework.boot.SpringApplicationShutdownHook.closeAndWait(SpringApplicationShutdownHook.java:145)
	at java.base/java.lang.Iterable.forEach(Iterable.java:75)
	at org.springframework.boot.SpringApplicationShutdownHook.run(SpringApplicationShutdownHook.java:114)
	at java.base/java.lang.Thread.run(Thread.java:833)
Caused by: java.lang.IllegalStateException: LettuceConnectionFactory was destroyed and cannot be used anymore
	at org.springframework.data.redis.connection.lettuce.LettuceConnectionFactory.assertStarted(LettuceConnectionFactory.java:1402)
	at org.springframework.data.redis.connection.lettuce.LettuceConnectionFactory.getConnection(LettuceConnectionFactory.java:999)
	at org.springframework.data.redis.core.RedisConnectionUtils.fetchConnection(RedisConnectionUtils.java:194)
	at org.springframework.data.redis.core.RedisConnectionUtils.doGetConnection(RedisConnectionUtils.java:143)
	at org.springframework.data.redis.core.RedisConnectionUtils.getConnection(RedisConnectionUtils.java:104)
	at org.springframework.data.redis.core.RedisTemplate.execute(RedisTemplate.java:393)
	at org.springframework.data.redis.core.RedisTemplate.execute(RedisTemplate.java:373)
	at org.springframework.data.redis.core.RedisTemplate.doWithKeys(RedisTemplate.java:785)
	at org.springframework.data.redis.core.RedisTemplate.delete(RedisTemplate.java:588)
	at com.example.bigevent.websocket.ChatWebSocketServer.onClose(ChatWebSocketServer.java:155)
	... 41 common frames omitted
